这是用 Python 写入的第一行文字。
Python 让文件操作变得很简单！
当前学习进度: 第10课
